// Jest Snapshot v1, https://goo.gl/fbAQLP

exports[`ToppingsSelector populated snapshot 1`] = `
Object {
  "asFragment": [Function],
  "baseElement": <body>
    <div>
      <fieldset>
        <legend>
          Toppings
        </legend>
        <input
          id="1"
          readonly=""
          type="checkbox"
          value="pepperoni"
        />
        <label
          for="1"
        >
          pepperoni
        </label>
        <br />
        <input
          id="2"
          readonly=""
          type="checkbox"
          value="anchovy"
        />
        <label
          for="2"
        >
          anchovy
        </label>
        <br />
        <input
          id="3"
          readonly=""
          type="checkbox"
          value="mushroom"
        />
        <label
          for="3"
        >
          mushroom
        </label>
        <br />
      </fieldset>
    </div>
  </body>,
  "container": <div>
    <fieldset>
      <legend>
        Toppings
      </legend>
      <input
        id="1"
        readonly=""
        type="checkbox"
        value="pepperoni"
      />
      <label
        for="1"
      >
        pepperoni
      </label>
      <br />
      <input
        id="2"
        readonly=""
        type="checkbox"
        value="anchovy"
      />
      <label
        for="2"
      >
        anchovy
      </label>
      <br />
      <input
        id="3"
        readonly=""
        type="checkbox"
        value="mushroom"
      />
      <label
        for="3"
      >
        mushroom
      </label>
      <br />
    </fieldset>
  </div>,
  "debug": [Function],
  "findAllByAltText": [Function],
  "findAllByDisplayValue": [Function],
  "findAllByLabelText": [Function],
  "findAllByPlaceholderText": [Function],
  "findAllByRole": [Function],
  "findAllByTestId": [Function],
  "findAllByText": [Function],
  "findAllByTitle": [Function],
  "findByAltText": [Function],
  "findByDisplayValue": [Function],
  "findByLabelText": [Function],
  "findByPlaceholderText": [Function],
  "findByRole": [Function],
  "findByTestId": [Function],
  "findByText": [Function],
  "findByTitle": [Function],
  "getAllByAltText": [Function],
  "getAllByDisplayValue": [Function],
  "getAllByLabelText": [Function],
  "getAllByPlaceholderText": [Function],
  "getAllByRole": [Function],
  "getAllByTestId": [Function],
  "getAllByText": [Function],
  "getAllByTitle": [Function],
  "getByAltText": [Function],
  "getByDisplayValue": [Function],
  "getByLabelText": [Function],
  "getByPlaceholderText": [Function],
  "getByRole": [Function],
  "getByTestId": [Function],
  "getByText": [Function],
  "getByTitle": [Function],
  "queryAllByAltText": [Function],
  "queryAllByDisplayValue": [Function],
  "queryAllByLabelText": [Function],
  "queryAllByPlaceholderText": [Function],
  "queryAllByRole": [Function],
  "queryAllByTestId": [Function],
  "queryAllByText": [Function],
  "queryAllByTitle": [Function],
  "queryByAltText": [Function],
  "queryByDisplayValue": [Function],
  "queryByLabelText": [Function],
  "queryByPlaceholderText": [Function],
  "queryByRole": [Function],
  "queryByTestId": [Function],
  "queryByText": [Function],
  "queryByTitle": [Function],
  "rerender": [Function],
  "unmount": [Function],
}
`;
